// Jest Snapshot v1, https://goo.gl/fbAQLP

exports[`quick help overlay overlay matches snapshot 1`] = `null`;
