// Jest Snapshot v1, https://goo.gl/fbAQLP

exports[`content wrapper matches snapshot 1`] = `
<RCTScrollView
  style={
    {
      "paddingHorizontal": 10,
      "paddingVertical": 30,
    }
  }
>
  <View>
    <View
      style={
        {
          "paddingBottom": 210,
        }
      }
    >
      <Text>
        Child content
      </Text>
    </View>
  </View>
</RCTScrollView>
`;
