// Jest Snapshot v1, https://goo.gl/fbAQLP

exports[`list container matches snapshot 1`] = `
<View
  accessibilityLabel="List accessability label"
  style={
    {
      "display": "flex",
      "gap": 20,
    }
  }
>
  <View
    style={
      [
        {
          "shadowColor": "#8b8490",
          "shadowOffset": {
            "height": 2,
            "width": 0,
          },
          "shadowOpacity": 0.25,
          "shadowRadius": 8,
        },
        {
          "backgroundColor": "#ffffff",
          "borderRadius": 8,
        },
      ]
    }
  >
    <BVLinearGradient
      angle={170}
      angleCenter={
        {
          "x": 0.75,
          "y": 0.75,
        }
      }
      colors={
        [
          4294967295,
          4294967295,
        ]
      }
      endPoint={
        {
          "x": 0.5,
          "y": 1,
        }
      }
      locations={null}
      startPoint={
        {
          "x": 0.5,
          "y": 0,
        }
      }
      style={
        {
          "alignItems": "center",
          "borderRadius": 8,
          "display": "flex",
          "flexDirection": "row",
          "gap": 10,
          "paddingHorizontal": 20,
          "paddingVertical": 10,
        }
      }
      useAngle={true}
    >
      <View
        accessibilityHint="Tap to mark as done"
        accessibilityLabel="Toggle Item title done state"
        accessibilityState={
          {
            "busy": undefined,
            "checked": undefined,
            "disabled": undefined,
            "expanded": undefined,
            "selected": undefined,
          }
        }
        accessibilityValue={
          {
            "max": undefined,
            "min": undefined,
            "now": undefined,
            "text": undefined,
          }
        }
        accessible={true}
        collapsable={false}
        focusable={true}
        onBlur={[Function]}
        onClick={[Function]}
        onFocus={[Function]}
        onResponderGrant={[Function]}
        onResponderMove={[Function]}
        onResponderRelease={[Function]}
        onResponderTerminate={[Function]}
        onResponderTerminationRequest={[Function]}
        onStartShouldSetResponder={[Function]}
        role="button"
        style={
          {
            "alignItems": "center",
            "display": "flex",
            "flex": 1,
            "flexDirection": "row",
            "gap": 10,
          }
        }
      >
        <View
          accessibilityLabel="Item title is not done"
          style={
            {
              "borderColor": "#3f7b82",
              "borderRadius": 50,
              "borderWidth": 2,
              "height": 25,
              "width": 25,
            }
          }
        />
        <Text
          style={
            [
              {
                "color": "#3f7b82",
              },
              {
                "fontFamily": "Poppins-Bold",
                "fontSize": 14,
              },
              null,
            ]
          }
        >
          Item title
        </Text>
      </View>
    </BVLinearGradient>
  </View>
  <View
    style={
      [
        {
          "shadowColor": "#8b8490",
          "shadowOffset": {
            "height": 2,
            "width": 0,
          },
          "shadowOpacity": 0.25,
          "shadowRadius": 8,
        },
        {
          "backgroundColor": "#ffffff",
          "borderRadius": 8,
        },
      ]
    }
  >
    <BVLinearGradient
      angle={170}
      angleCenter={
        {
          "x": 0.75,
          "y": 0.75,
        }
      }
      colors={
        [
          4294967295,
          4294967295,
        ]
      }
      endPoint={
        {
          "x": 0.5,
          "y": 1,
        }
      }
      locations={null}
      startPoint={
        {
          "x": 0.5,
          "y": 0,
        }
      }
      style={
        {
          "alignItems": "center",
          "borderRadius": 8,
          "display": "flex",
          "flexDirection": "row",
          "gap": 10,
          "paddingHorizontal": 20,
          "paddingVertical": 10,
        }
      }
      useAngle={true}
    >
      <View
        accessibilityHint="Tap to mark as done"
        accessibilityLabel="Toggle Item title 2 done state"
        accessibilityState={
          {
            "busy": undefined,
            "checked": undefined,
            "disabled": undefined,
            "expanded": undefined,
            "selected": undefined,
          }
        }
        accessibilityValue={
          {
            "max": undefined,
            "min": undefined,
            "now": undefined,
            "text": undefined,
          }
        }
        accessible={true}
        collapsable={false}
        focusable={true}
        onBlur={[Function]}
        onClick={[Function]}
        onFocus={[Function]}
        onResponderGrant={[Function]}
        onResponderMove={[Function]}
        onResponderRelease={[Function]}
        onResponderTerminate={[Function]}
        onResponderTerminationRequest={[Function]}
        onStartShouldSetResponder={[Function]}
        role="button"
        style={
          {
            "alignItems": "center",
            "display": "flex",
            "flex": 1,
            "flexDirection": "row",
            "gap": 10,
          }
        }
      >
        <View
          accessibilityLabel="Item title 2 is not done"
          style={
            {
              "borderColor": "#3f7b82",
              "borderRadius": 50,
              "borderWidth": 2,
              "height": 25,
              "width": 25,
            }
          }
        />
        <Text
          style={
            [
              {
                "color": "#3f7b82",
              },
              {
                "fontFamily": "Poppins-Bold",
                "fontSize": 14,
              },
              null,
            ]
          }
        >
          Item title 2
        </Text>
      </View>
    </BVLinearGradient>
  </View>
  <View
    style={
      [
        {
          "shadowColor": "#8b8490",
          "shadowOffset": {
            "height": 2,
            "width": 0,
          },
          "shadowOpacity": 0.25,
          "shadowRadius": 8,
        },
        {
          "backgroundColor": "#ffffff",
          "borderRadius": 8,
        },
      ]
    }
  >
    <BVLinearGradient
      angle={170}
      angleCenter={
        {
          "x": 0.75,
          "y": 0.75,
        }
      }
      colors={
        [
          4294967295,
          4294967295,
        ]
      }
      endPoint={
        {
          "x": 0.5,
          "y": 1,
        }
      }
      locations={null}
      startPoint={
        {
          "x": 0.5,
          "y": 0,
        }
      }
      style={
        {
          "alignItems": "center",
          "borderRadius": 8,
          "display": "flex",
          "flexDirection": "row",
          "gap": 10,
          "paddingHorizontal": 20,
          "paddingVertical": 10,
        }
      }
      useAngle={true}
    >
      <View
        accessibilityHint="Tap to mark as done"
        accessibilityLabel="Toggle Item title 3 done state"
        accessibilityState={
          {
            "busy": undefined,
            "checked": undefined,
            "disabled": undefined,
            "expanded": undefined,
            "selected": undefined,
          }
        }
        accessibilityValue={
          {
            "max": undefined,
            "min": undefined,
            "now": undefined,
            "text": undefined,
          }
        }
        accessible={true}
        collapsable={false}
        focusable={true}
        onBlur={[Function]}
        onClick={[Function]}
        onFocus={[Function]}
        onResponderGrant={[Function]}
        onResponderMove={[Function]}
        onResponderRelease={[Function]}
        onResponderTerminate={[Function]}
        onResponderTerminationRequest={[Function]}
        onStartShouldSetResponder={[Function]}
        role="button"
        style={
          {
            "alignItems": "center",
            "display": "flex",
            "flex": 1,
            "flexDirection": "row",
            "gap": 10,
          }
        }
      >
        <View
          accessibilityLabel="Item title 3 is not done"
          style={
            {
              "borderColor": "#3f7b82",
              "borderRadius": 50,
              "borderWidth": 2,
              "height": 25,
              "width": 25,
            }
          }
        />
        <Text
          style={
            [
              {
                "color": "#3f7b82",
              },
              {
                "fontFamily": "Poppins-Bold",
                "fontSize": 14,
              },
              null,
            ]
          }
        >
          Item title 3
        </Text>
      </View>
    </BVLinearGradient>
  </View>
</View>
`;
